//=====================================================
Current Time: Mon Apr 22 00:04:01 2024
Exception code: C0000005 ACCESS_VIOLATION//=====================================================
Current Time: Sun Apr 28 17:48:39 2024
Exception code: C0000005 ACCESS_VIOLATION
//=====================================================
Current Time: Sun Apr 28 17:55:42 2024
Exception code: C0000005 ACCESS_VIOLATION
//=====================================================
Current Time: Sun Apr 28 17:57:22 2024
Exception code: C0000005 ACCESS_VIOLATION
//=====================================================
Current Time: Sun Apr 28 17:59:01 2024
Exception code: C0000005 ACCESS_VIOLATION
//=====================================================
Current Time: Sun Apr 28 18:06:17 2024
Exception code: C0000005 ACCESS_VIOLATION
//=====================================================
Current Time: Sun Apr 28 18:12:14 2024
Exception code: C0000005 ACCESS_VIOLATION
//=====================================================
Current Time: Sun Apr 28 18:14:39 2024
Exception code: C0000005 ACCESS_VIOLATION
//=====================================================
Current Time: Sun Apr 28 18:19:09 2024
Exception code: C0000005 ACCESS_VIOLATION
//=====================================================
Current Time: Sun Apr 28 18:21:46 2024
Exception code: C0000005 ACCESS_VIOLATION
//=====================================================
Current Time: Sun Apr 28 18:41:56 2024
Exception code: C0000005 ACCESS_VIOLATION
Fault address:  0041214A 01:0001114A C:\ASL\Soft\GithubProjects\Bridge-Commander\stbc.exe

Registers:
EAX:0019FB40
EBX:144BE1A0
ECX:00000000
EDX:00898984
ESI:14B895CC
EDI:00000000
CS:EIP:0023:0041214A
SS:ESP:002B:0019FAF0  EBP:13D0A3AC
DS:002B  ES:002B  FS:0053  GS:002B
Flags:00010202

Application Timestamp: Tue Apr 09 23:14:56 2002
Doing stack walk

Call stack:
Address   Frame
0041214A  0019FB20  0001:0001114A C:\ASL\Soft\GithubProjects\Bridge-Commander\stbc.exe

//=====================================================
Current Time: Sun Apr 28 18:44:06 2024
Exception code: C0000005 ACCESS_VIOLATION
//=====================================================
Current Time: Sun Apr 28 18:45:51 2024
Exception code: C0000005 ACCESS_VIOLATION
//=====================================================
Current Time: Sun Apr 28 18:48:13 2024
Exception code: C0000005 ACCESS_VIOLATION
//=====================================================
Current Time: Sun Apr 28 18:55:08 2024
Exception code: C0000005 ACCESS_VIOLATION
//=====================================================
Current Time: Sun Apr 28 19:03:12 2024
Exception code: C0000005 ACCESS_VIOLATION
//=====================================================
Current Time: Sun Apr 28 19:15:18 2024
Exception code: C0000005 ACCESS_VIOLATION
//=====================================================
Current Time: Sun Apr 28 19:23:27 2024
Exception code: C0000005 ACCESS_VIOLATION
//=====================================================
Current Time: Sun Apr 28 19:27:34 2024
Exception code: C0000005 ACCESS_VIOLATION
//=====================================================
Current Time: Sun Apr 28 19:30:52 2024
Exception code: C0000005 ACCESS_VIOLATION
Fault address:  0044E6A9 01:0004D6A9 C:\ASL\Soft\GithubProjects\Bridge-Commander\stbc.exe

Registers:
EAX:00000000
EBX:008DC300
ECX:00000000
EDX:0019D424
ESI:00000000
EDI:00980618
CS:EIP:0023:0044E6A9
SS:ESP:002B:0019D3F0  EBP:00980630
DS:002B  ES:002B  FS:0053  GS:002B
Flags:00010246

Application Timestamp: Tue Apr 09 23:14:56 2002
Doing stack walk

Call stack:
Address   Frame
0044E6A9  0019D418  0001:0004D6A9 C:\ASL\Soft\GithubProjects\Bridge-Commander\stbc.exe

//=====================================================
Current Time: Sun Apr 28 19:31:01 2024
Exception code: C0000005 ACCESS_VIOLATION
Fault address:  0044E6A9 01:0004D6A9 C:\ASL\Soft\GithubProjects\Bridge-Commander\stbc.exe

Registers:
EAX:00000000
EBX:008DC300
ECX:00000000
EDX:0019D424
ESI:00000000
EDI:00980618
CS:EIP:0023:0044E6A9
SS:ESP:002B:0019D3F0  EBP:00980630
DS:002B  ES:002B  FS:0053  GS:002B
Flags:00010246

Application Timestamp: Tue Apr 09 23:14:56 2002
Doing stack walk

Call stack:
Address   Frame
0044E6A9  0019D418  0001:0004D6A9 C:\ASL\Soft\GithubProjects\Bridge-Commander\stbc.exe

//=====================================================
Current Time: Sun Apr 28 19:48:59 2024
Exception code: C0000005 ACCESS_VIOLATION
Fault address:  0041214A 01:0001114A C:\ASL\Soft\GithubProjects\Bridge-Commander\stbc.exe

Registers:
EAX:0019FB40
EBX:14390AC8
ECX:00000000
EDX:00898984
ESI:14B1D91C
EDI:00000000
CS:EIP:0023:0041214A
SS:ESP:002B:0019FAF0  EBP:13BEFB4C
DS:002B  ES:002B  FS:0053  GS:002B
Flags:00010202

Application Timestamp: Tue Apr 09 23:14:56 2002
Doing stack walk

Call stack:
Address   Frame
0041214A  0019FB20  0001:0001114A C:\ASL\Soft\GithubProjects\Bridge-Commander\stbc.exe

//=====================================================
Current Time: Sun Apr 28 20:06:30 2024
Exception code: C0000005 ACCESS_VIOLATION
Fault address:  42A0C853 00:00000000 

Registers:
EAX:1B937D30
EBX:1454D264
ECX:1BDC7760
EDX:44045000
ESI:1454D264
EDI:59310E48
CS:EIP:0023:42A0C853
SS:ESP:002B:0019FC04  EBP:00000000
DS:002B  ES:002B  FS:0053  GS:002B
Flags:00010246

Application Timestamp: Thu Jan 01 01:00:00 1970
Doing stack walk

Call stack:
Address   Frame
42A0C853  0019FC00  0000:00000000  (No symbol info found)

//=====================================================
Current Time: Sun Apr 28 20:09:58 2024
Exception code: C0000005 ACCESS_VIOLATION
Fault address:  41100CD6 00:00000000 

Registers:
EAX:1BFA13C8
EBX:3871ACF0
ECX:1BFA16F0
EDX:42DEC000
ESI:3871ACF0
EDI:385E1B40
CS:EIP:0023:41100CD6
SS:ESP:002B:0019FC04  EBP:00000000
DS:002B  ES:002B  FS:0053  GS:002B
Flags:00010246

Application Timestamp: Thu Jan 01 01:00:00 1970
Doing stack walk

Call stack:
Address   Frame
41100CD6  0019FC00  0000:00000000  (No symbol info found)

//=====================================================
Current Time: Sun Apr 28 20:40:54 2024
Exception code: C0000005 ACCESS_VIOLATION
Fault address:  0041008A 01:0000F08A C:\ASL\Soft\GithubProjects\Bridge-Commander\stbc.exe

Registers:
EAX:00000000
EBX:1C12E184
ECX:13DBFC80
EDX:4396D000
ESI:1C12E184
EDI:1F4D8958
CS:EIP:0023:0041008A
SS:ESP:002B:0019FC08  EBP:00000008
DS:002B  ES:002B  FS:0053  GS:002B
Flags:00010246

Application Timestamp: Tue Apr 09 23:14:56 2002
Doing stack walk

Call stack:
Address   Frame
0041008A  0019FC24  0001:0000F08A C:\ASL\Soft\GithubProjects\Bridge-Commander\stbc.exe

//=====================================================
Current Time: Sun Apr 28 20:46:19 2024
Exception code: C0000005 ACCESS_VIOLATION
//=====================================================
Current Time: Sun Apr 28 20:55:47 2024
Exception code: C0000005 ACCESS_VIOLATION
//=====================================================
Current Time: Sun Apr 28 21:00:21 2024
Exception code: C0000005 ACCESS_VIOLATION
//=====================================================
Current Time: Sun Apr 28 21:30:40 2024
Exception code: C0000005 ACCESS_VIOLATION
Fault address:  0040AFE5 01:00009FE5 C:\ASL\Soft\GithubProjects\Bridge-Commander\stbc.exe

Registers:
EAX:00000000
EBX:00000014
ECX:00000014
EDX:00017311
ESI:1715E0FC
EDI:1755B7A8
CS:EIP:0023:0040AFE5
SS:ESP:002B:0019FC80  EBP:00000000
DS:002B  ES:002B  FS:0053  GS:002B
Flags:00010246

Application Timestamp: Tue Apr 09 23:14:56 2002
Doing stack walk

Call stack:
Address   Frame

//=====================================================
Current Time: Sun Apr 28 22:47:33 2024
Exception code: C0000005 ACCESS_VIOLATION
Fault address:  0041214A 01:0001114A C:\ASL\Soft\GithubProjects\Bridge-Commander\stbc.exe

Registers:
EAX:0019FAF8
EBX:1C03A4AC
ECX:00000000
EDX:00898984
ESI:1C64AA3C
EDI:00000000
CS:EIP:0023:0041214A
SS:ESP:002B:0019FAA8  EBP:1FB63654
DS:002B  ES:002B  FS:0053  GS:002B
Flags:00010206

Application Timestamp: Tue Apr 09 23:14:56 2002
Doing stack walk

Call stack:
Address   Frame
0041214A  0019FB78  0001:0001114A C:\ASL\Soft\GithubProjects\Bridge-Commander\stbc.exe

//=====================================================
Current Time: Sun Apr 28 22:50:57 2024
Exception code: C0000005 ACCESS_VIOLATION
//=====================================================
Current Time: Sun Apr 28 23:07:30 2024
Exception code: C0000005 ACCESS_VIOLATION
Fault address:  00717874 01:00316874 C:\ASL\Soft\GithubProjects\Bridge-Commander\stbc.exe

Registers:
EAX:00000000
EBX:00000000
ECX:00000000
EDX:00000008
ESI:00400000
EDI:00000400
CS:EIP:0023:00717874
SS:ESP:002B:0019F69C  EBP:00000002
DS:002B  ES:002B  FS:0053  GS:002B
Flags:00010246
Couldn't load module

//=====================================================
Current Time: Sun Apr 28 23:17:41 2024
Exception code: C0000005 ACCESS_VIOLATION
Fault address:  00717FDB 01:00316FDB C:\ASL\Soft\GithubProjects\Bridge-Commander\stbc.exe

Registers:
EAX:00000040
EBX:7FE4DA14
ECX:00000014
EDX:00000014
ESI:0002C6E0
EDI:00000040
CS:EIP:0023:00717FDB
SS:ESP:002B:0019F67C  EBP:00000000
DS:002B  ES:002B  FS:0053  GS:002B
Flags:00010202
Couldn't initialize symbol reader, no symbol info available

Call stack:
Address   Frame     Logical addr  Module
00717FDB  00000000  0001:00316FDB C:\ASL\Soft\GithubProjects\Bridge-Commander\stbc.exe
//=====================================================
Current Time: Mon Apr 29 01:07:26 2024
Exception code: C0000005 ACCESS_VIOLATION
Fault address:  00717874 01:00316874 C:\ASL\Soft\GithubProjects\Bridge-Commander\stbc.exe

Registers:
EAX:00000000
EBX:00000000
ECX:00000000
EDX:00000008
ESI:00400000
EDI:00000400
CS:EIP:0023:00717874
SS:ESP:002B:0019F634  EBP:00000002
DS:002B  ES:002B  FS:0053  GS:002B
Flags:00010246
Couldn't load module

//=====================================================
Current Time: Sun May 12 16:09:24 2024
Exception code: C0000005 ACCESS_VIOLATION
Fault address:  80828383 00:00000000 

Registers:
EAX:12C3A8B0
EBX:00000000
ECX:80828383
EDX:00004000
ESI:12C38DA0
EDI:12C40CF0
CS:EIP:0023:80828383
SS:ESP:002B:0019F864  EBP:00000000
DS:002B  ES:002B  FS:0053  GS:002B
Flags:00010282

Application Timestamp: Thu Jan 01 01:00:00 1970
Doing stack walk

Call stack:
Address   Frame
80828383  0019F860  0000:00000000  (No symbol info found)

//=====================================================
Current Time: Sun May 12 16:09:24 2024
Exception code: C0000005 ACCESS_VIOLATION
Fault address:  83838383 00:00000000 

Registers:
EAX:12C3A8B0
EBX:00000000
ECX:F1C8FF9E
EDX:00000000
ESI:12C390A0
EDI:00000000
CS:EIP:0023:83838383
SS:ESP:002B:206DFEA8  EBP:12C38DA0
DS:002B  ES:002B  FS:0053  GS:002B
Flags:00010202

Application Timestamp: Thu Jan 01 01:00:00 1970
Doing stack walk

Call stack:
Address   Frame
83838383  206DFEA4  0000:00000000  (No symbol info found)

//=====================================================
Current Time: Sun May 12 16:11:07 2024
Exception code: C0000005 ACCESS_VIOLATION
Fault address:  80828383 00:00000000 

Registers:
EAX:12A4A8B0
EBX:00000000
ECX:80828383
EDX:00004000
ESI:12A48DA0
EDI:12A50CF0
CS:EIP:0023:80828383
SS:ESP:002B:0019F864  EBP:00000000
DS:002B  ES:002B  FS:0053  GS:002B
Flags:00010282

Application Timestamp: Thu Jan 01 01:00:00 1970
Doing stack walk

Call stack:
Address   Frame
80828383  0019F860  0000:00000000  (No symbol info found)

//=====================================================
Current Time: Sun May 12 16:11:07 2024
Exception code: C0000005 ACCESS_VIOLATION
Fault address:  83838383 00:00000000 

Registers:
EAX:12A4A8B0
EBX:00000000
ECX:1F47BE19
EDX:00000000
ESI:12A490A0
EDI:00000000
CS:EIP:0023:83838383
SS:ESP:002B:1F02FEA8  EBP:12A48DA0
DS:002B  ES:002B  FS:0053  GS:002B
Flags:00010202

Application Timestamp: Thu Jan 01 01:00:00 1970
Doing stack walk

Call stack:
Address   Frame
83838383  1F02FEA4  0000:00000000  (No symbol info found)

//=====================================================
Current Time: Sun May 12 16:17:35 2024
Exception code: C0000005 ACCESS_VIOLATION
//=====================================================
Current Time: Sun May 12 16:19:57 2024
Exception code: C0000005 ACCESS_VIOLATION
//=====================================================
Current Time: Sun May 12 16:22:31 2024
Exception code: C0000005 ACCESS_VIOLATION
Fault address:  80828383 00:00000000 

Registers:
EAX:12B5A8B0
EBX:00000000
ECX:80828383
EDX:00004000
ESI:12B58DA0
EDI:12B60CF0
CS:EIP:0023:80828383
SS:ESP:002B:0019F864  EBP:00000000
DS:002B  ES:002B  FS:0053  GS:002B
Flags:00010282

Application Timestamp: Thu Jan 01 01:00:00 1970
Doing stack walk

Call stack:
Address   Frame
80828383  0019F860  0000:00000000  (No symbol info found)

//=====================================================
Current Time: Sun May 12 16:22:31 2024
Exception code: C0000005 ACCESS_VIOLATION
Fault address:  83838383 00:00000000 

Registers:
EAX:12B5A8B0
EBX:00000000
ECX:65B6F4FB
EDX:00000000
ESI:12B590A0
EDI:00000000
CS:EIP:0023:83838383
SS:ESP:002B:1F29FEA8  EBP:12B58DA0
DS:002B  ES:002B  FS:0053  GS:002B
Flags:00010202

Application Timestamp: Thu Jan 01 01:00:00 1970
Doing stack walk

Call stack:
Address   Frame
83838383  1F29FEA4  0000:00000000  (No symbol info found)

//=====================================================
Current Time: Sun May 12 16:28:26 2024
Exception code: C0000005 ACCESS_VIOLATION
//=====================================================
Current Time: Sun May 12 16:32:06 2024
Exception code: C0000005 ACCESS_VIOLATION
//=====================================================
Current Time: Sun May 12 16:32:48 2024
Exception code: C0000005 ACCESS_VIOLATION
//=====================================================
Current Time: Sun May 12 16:44:22 2024
Exception code: C0000005 ACCESS_VIOLATION
Fault address:  30014A39 01:00013A39 C:\ASL\Soft\GithubProjects\Bridge-Commander\binkw32.dll

Registers:
EAX:09040000
EBX:09040000
ECX:0019FBB8
EDX:12B15088
ESI:00021C00
EDI:FFFCFCFD
CS:EIP:0023:30014A39
SS:ESP:002B:0019FB6C  EBP:00000000
DS:002B  ES:002B  FS:0053  GS:002B
Flags:00010293

Application Timestamp: Wed Nov 07 23:53:36 2001
Doing stack walk

Call stack:
Address   Frame

//=====================================================
Current Time: Mon May 13 01:17:13 2024
Exception code: C0000005 ACCESS_VIOLATION
Fault address:  0041214A 01:0001114A C:\ASL\Soft\GithubProjects\Bridge-Commander\stbc.exe

Registers:
EAX:0019FAF8
EBX:1AC10218
ECX:00000000
EDX:00898984
ESI:1AA5B20C
EDI:00000000
CS:EIP:0023:0041214A
SS:ESP:002B:0019FAA8  EBP:31A13C74
DS:002B  ES:002B  FS:0053  GS:002B
Flags:00010206

Application Timestamp: Tue Apr 09 23:14:56 2002
Doing stack walk

Call stack:
Address   Frame
0041214A  0019FB7C  0001:0001114A C:\ASL\Soft\GithubProjects\Bridge-Commander\stbc.exe

//=====================================================
Current Time: Mon May 13 02:01:34 2024
Exception code: C0000005 ACCESS_VIOLATION
Fault address:  80828383 00:00000000 

Registers:
EAX:12BCA8B0
EBX:00000000
ECX:80828383
EDX:00004000
ESI:12BC8DA0
EDI:12BD0CF0
CS:EIP:0023:80828383
SS:ESP:002B:0019F864  EBP:00000000
DS:002B  ES:002B  FS:0053  GS:002B
Flags:00010282

Application Timestamp: Thu Jan 01 01:00:00 1970
Doing stack walk

Call stack:
Address   Frame
80828383  0019F860  0000:00000000  (No symbol info found)

//=====================================================
Current Time: Mon May 13 02:01:34 2024
Exception code: C0000005 ACCESS_VIOLATION
Fault address:  83838383 00:00000000 

Registers:
EAX:12BCA8B0
EBX:00000000
ECX:7057F53C
EDX:00000000
ESI:12BC90A0
EDI:00000000
CS:EIP:0023:83838383
SS:ESP:002B:3B56FEA8  EBP:12BC8DA0
DS:002B  ES:002B  FS:0053  GS:002B
Flags:00010202

Application Timestamp: Thu Jan 01 01:00:00 1970
Doing stack walk

Call stack:
Address   Frame
83838383  3B56FEA4  0000:00000000  (No symbol info found)

//=====================================================
Current Time: Sun May 26 17:38:41 2024
Exception code: C0000005 ACCESS_VIOLATION
Fault address:  0041214A 01:0001114A C:\ASL\Soft\GithubProjects\Bridge-Commander\stbc.exe

Registers:
EAX:0019FB38
EBX:1410A7C0
ECX:00000000
EDX:00898984
ESI:13F46C7C
EDI:00000000
CS:EIP:0023:0041214A
SS:ESP:002B:0019FAE8  EBP:149A42A4
DS:002B  ES:002B  FS:0053  GS:002B
Flags:00010202

Application Timestamp: Tue Apr 09 23:14:56 2002
Doing stack walk

Call stack:
Address   Frame
0041214A  0019FB28  0001:0001114A C:\ASL\Soft\GithubProjects\Bridge-Commander\stbc.exe

//=====================================================
Current Time: Wed May 29 00:39:48 2024
Exception code: C0000005 ACCESS_VIOLATION
//=====================================================
Current Time: Wed May 29 00:47:56 2024
Exception code: C0000005 ACCESS_VIOLATION
//=====================================================
Current Time: Wed May 29 00:56:57 2024
Exception code: C0000005 ACCESS_VIOLATION
Fault address:  0041011F 01:0000F11F C:\ASL\Soft\GithubProjects\Bridge-Commander\stbc.exe

Registers:
EAX:029D8F04
EBX:3D800000
ECX:004C0002
EDX:AE8D008E
ESI:1DF0E0BC
EDI:3A270790
CS:EIP:0023:0041011F
SS:ESP:002B:0019FC08  EBP:00000001
DS:002B  ES:002B  FS:0053  GS:002B
Flags:00010202

Application Timestamp: Tue Apr 09 23:14:56 2002
Doing stack walk

Call stack:
Address   Frame
0041011F  0019FC24  0001:0000F11F C:\ASL\Soft\GithubProjects\Bridge-Commander\stbc.exe

//=====================================================
Current Time: Wed May 29 01:08:36 2024
Exception code: C0000005 ACCESS_VIOLATION
Fault address:  006DA326 01:002D9326 C:\ASL\Soft\GithubProjects\Bridge-Commander\stbc.exe

Registers:
EAX:00000014
EBX:00234001
ECX:1FB47DF8
EDX:0000000C
ESI:47EE1F18
EDI:0097F838
CS:EIP:0023:006DA326
SS:ESP:002B:0019FC94  EBP:0097FA00
DS:002B  ES:002B  FS:0053  GS:002B
Flags:00010202

Application Timestamp: Tue Apr 09 23:14:56 2002
Doing stack walk

Call stack:
Address   Frame
006DA326  0019FCA0  0001:002D9326 C:\ASL\Soft\GithubProjects\Bridge-Commander\stbc.exe

//=====================================================
Current Time: Wed May 29 01:14:13 2024
Exception code: C0000005 ACCESS_VIOLATION
//=====================================================
Current Time: Wed May 29 01:30:55 2024
Exception code: C0000005 ACCESS_VIOLATION
Fault address:  00717A35 01:00316A35 C:\ASL\Soft\GithubProjects\Bridge-Commander\stbc.exe

Registers:
EAX:00000000
EBX:00000000
ECX:0019FC1C
EDX:000003E6
ESI:00000144
EDI:00000138
CS:EIP:0023:00717A35
SS:ESP:002B:0019FAC8  EBP:3972A630
DS:002B  ES:002B  FS:0053  GS:002B
Flags:00010202

Application Timestamp: Tue Apr 09 23:14:56 2002
Doing stack walk

Call stack:
Address   Frame
00717A35  0019FAD4  0001:00316A35 C:\ASL\Soft\GithubProjects\Bridge-Commander\stbc.exe

//=====================================================
Current Time: Wed Jun 12 18:47:26 2024
Exception code: C0000005 ACCESS_VIOLATION
Fault address:  00717874 01:00316874 C:\ASL\Soft\GithubProjects\Bridge-Commander\stbc.exe

Registers:
EAX:00000000
EBX:00000000
ECX:00000000
EDX:00000008
ESI:00100000
EDI:00000200
CS:EIP:0023:00717874
SS:ESP:002B:0019F448  EBP:00000002
DS:002B  ES:002B  FS:0053  GS:002B
Flags:00010246
Couldn't initialize symbol reader, no symbol info available

Call stack:
Address   Frame     Logical addr  Module
00717874  00000002  0001:00316874 C:\ASL\Soft\GithubProjects\Bridge-Commander\stbc.exe
//=====================================================
Current Time: Thu Jun 20 00:12:02 2024
Exception code: C0000005 ACCESS_VIOLATION
Fault address:  226036A0 01:000026A0 C:\ASL\Soft\GithubProjects\Bridge-Commander\data\Miles\Mssfast.m3d

Registers:
EAX:0D6C22A8
EBX:FFFFFFFF
ECX:12E3D44C
EDX:0D6CA2A8
ESI:22610478
EDI:0D6C22A8
CS:EIP:0023:226036A0
SS:ESP:002B:0D68FF00  EBP:00008000
DS:002B  ES:002B  FS:0053  GS:002B
Flags:00010287

Application Timestamp: Sat Mar 31 21:41:43 2001
Doing stack walk

Call stack:
Address   Frame
226036A0  0D68FF18  0001:000026A0 C:\ASL\Soft\GithubProjects\Bridge-Commander\data\Miles\Mssfast.m3d (No symbol info found)

//=====================================================
Current Time: Thu Jun 20 00:31:06 2024
Exception code: C0000005 ACCESS_VIOLATION
Fault address:  00717874 01:00316874 C:\ASL\Soft\GithubProjects\Bridge-Commander\stbc.exe

Registers:
EAX:00000000
EBX:3F42D6A8
ECX:00000000
EDX:00000008
ESI:000B4B2C
EDI:00000000
CS:EIP:0023:00717874
SS:ESP:002B:0019FB54  EBP:000B4B2A
DS:002B  ES:002B  FS:0053  GS:002B
Flags:00010246
Couldn't initialize symbol reader, no symbol info available

Call stack:
Address   Frame     Logical addr  Module
00717874  000B4B2A  0001:00316874 C:\ASL\Soft\GithubProjects\Bridge-Commander\stbc.exe
//=====================================================
Current Time: Thu Jun 20 00:56:29 2024
Exception code: C0000005 ACCESS_VIOLATION
Fault address:  00717874 01:00316874 C:\ASL\Soft\GithubProjects\Bridge-Commander\stbc.exe

Registers:
EAX:00000000
EBX:5690AA88
ECX:00000000
EDX:00000008
ESI:000B4B2C
EDI:00000000
CS:EIP:0023:00717874
SS:ESP:002B:0019FB3C  EBP:000B4B2A
DS:002B  ES:002B  FS:0053  GS:002B
Flags:00010246
Couldn't initialize symbol reader, no symbol info available

Call stack:
Address   Frame     Logical addr  Module
00717874  000B4B2A  0001:00316874 C:\ASL\Soft\GithubProjects\Bridge-Commander\stbc.exe
//=====================================================
Current Time: Thu Jun 20 01:35:25 2024
Exception code: C0000005 ACCESS_VIOLATION
Fault address:  004B3193 01:000B2193 C:\ASL\Soft\GithubProjects\Bridge-Commander\stbc.exe

Registers:
EAX:00002510
EBX:43728670
ECX:02BC92D4
EDX:79E09334
ESI:0001BCC0
EDI:4242411C
CS:EIP:0023:004B3193
SS:ESP:002B:0019FB54  EBP:46766B0C
DS:002B  ES:002B  FS:0053  GS:002B
Flags:00010202

Application Timestamp: Tue Apr 09 23:14:56 2002
Doing stack walk

Call stack:
Address   Frame
004B3193  0019FB70  0001:000B2193 C:\ASL\Soft\GithubProjects\Bridge-Commander\stbc.exe

//=====================================================
Current Time: Thu Jun 20 16:34:21 2024
Exception code: C0000005 ACCESS_VIOLATION
Fault address:  0041214A 01:0001114A C:\ASL\Soft\GithubProjects\Bridge-Commander\stbc.exe

Registers:
EAX:0019FB38
EBX:140D9718
ECX:00000000
EDX:00898984
ESI:13F2042C
EDI:00000000
CS:EIP:0023:0041214A
SS:ESP:002B:0019FAE8  EBP:14926AFC
DS:002B  ES:002B  FS:0053  GS:002B
Flags:00010202

Application Timestamp: Tue Apr 09 23:14:56 2002
Doing stack walk

Call stack:
Address   Frame
0041214A  0019FB28  0001:0001114A C:\ASL\Soft\GithubProjects\Bridge-Commander\stbc.exe

//=====================================================
Current Time: Thu Jun 20 17:17:22 2024
Exception code: C0000005 ACCESS_VIOLATION
Fault address:  00717874 01:00316874 C:\ASL\Soft\GithubProjects\Bridge-Commander\stbc.exe

Registers:
EAX:00000000
EBX:45B56CEC
ECX:00000000
EDX:00000008
ESI:000B4B2C
EDI:00000000
CS:EIP:0023:00717874
SS:ESP:002B:0019FB54  EBP:000B4B2A
DS:002B  ES:002B  FS:0053  GS:002B
Flags:00010246
Couldn't initialize symbol reader, no symbol info available

Call stack:
Address   Frame     Logical addr  Module
00717874  000B4B2A  0001:00316874 C:\ASL\Soft\GithubProjects\Bridge-Commander\stbc.exe
//=====================================================
Current Time: Thu Jun 20 17:25:40 2024
Exception code: C0000005 ACCESS_VIOLATION
Fault address:  00717874 01:00316874 C:\ASL\Soft\GithubProjects\Bridge-Commander\stbc.exe

Registers:
EAX:00000000
EBX:3EAC1F24
ECX:00000000
EDX:00000008
ESI:000B4B2C
EDI:00000000
CS:EIP:0023:00717874
SS:ESP:002B:0019FB3C  EBP:000B4B2A
DS:002B  ES:002B  FS:0053  GS:002B
Flags:00010246
Couldn't initialize symbol reader, no symbol info available

Call stack:
Address   Frame     Logical addr  Module
00717874  000B4B2A  0001:00316874 C:\ASL\Soft\GithubProjects\Bridge-Commander\stbc.exe
//=====================================================
Current Time: Thu Jun 20 17:34:53 2024
Exception code: C0000005 ACCESS_VIOLATION
Fault address:  00717874 01:00316874 C:\ASL\Soft\GithubProjects\Bridge-Commander\stbc.exe

Registers:
EAX:00000000
EBX:3C7A8F30
ECX:00000000
EDX:00000008
ESI:000B4B2C
EDI:00000000
CS:EIP:0023:00717874
SS:ESP:002B:0019FB3C  EBP:000B4B2A
DS:002B  ES:002B  FS:0053  GS:002B
Flags:00010246
Couldn't initialize symbol reader, no symbol info available

Call stack:
Address   Frame     Logical addr  Module
00717874  000B4B2A  0001:00316874 C:\ASL\Soft\GithubProjects\Bridge-Commander\stbc.exe
//=====================================================
Current Time: Thu Aug 15 00:19:15 2024
Exception code: C0000005 ACCESS_VIOLATION
Fault address:  00684A92 01:00283A92 C:\ASL\Soft\GithubProjects\Bridge-Commander\stbc.exe

Registers:
EAX:00000050
EBX:3705BA8C
ECX:1BC45564
EDX:1BC45564
ESI:1BC45564
EDI:00646A30
CS:EIP:0023:00684A92
SS:ESP:002B:0019F534  EBP:00000000
DS:002B  ES:002B  FS:0053  GS:002B
Flags:00010202

Application Timestamp: Tue Apr 09 23:14:56 2002
Doing stack walk

Call stack:
Address   Frame

//=====================================================
Current Time: Thu Aug 15 00:32:17 2024
Exception code: C0000005 ACCESS_VIOLATION
Fault address:  00717874 01:00316874 C:\ASL\Soft\GithubProjects\Bridge-Commander\stbc.exe

Registers:
EAX:00000000
EBX:1FDE64CC
ECX:00000000
EDX:00000008
ESI:002C5FAC
EDI:00000000
CS:EIP:0023:00717874
SS:ESP:002B:0019F790  EBP:1FDE64AC
DS:002B  ES:002B  FS:0053  GS:002B
Flags:00010246
Couldn't load module

//=====================================================
Current Time: Thu Aug 15 04:48:14 2024
Exception code: C0000005 ACCESS_VIOLATION
Fault address:  00717874 01:00316874 C:\ASL\Soft\GithubProjects\Bridge-Commander\stbc.exe

Registers:
EAX:00000000
EBX:4A52E844
ECX:00000000
EDX:00000008
ESI:000B4B2C
EDI:00000000
CS:EIP:0023:00717874
SS:ESP:002B:0019FB3C  EBP:000B4B2A
DS:002B  ES:002B  FS:0053  GS:002B
Flags:00010246
Couldn't initialize symbol reader, no symbol info available

Call stack:
Address   Frame     Logical addr  Module
00717874  000B4B2A  0001:00316874 C:\ASL\Soft\GithubProjects\Bridge-Commander\stbc.exe
//=====================================================
Current Time: Thu Aug 15 23:39:52 2024
Exception code: C0000005 ACCESS_VIOLATION
//=====================================================
Current Time: Fri Aug 16 18:46:19 2024
Exception code: C0000005 ACCESS_VIOLATION
Fault address:  0041214A 01:0001114A C:\ASL\Soft\GithubProjects\Bridge-Commander\stbc.exe

Registers:
EAX:0019FB40
EBX:143A8350
ECX:00000000
EDX:00898984
ESI:14A3F0B4
EDI:00000000
CS:EIP:0023:0041214A
SS:ESP:002B:0019FAF0  EBP:13C4FDE4
DS:002B  ES:002B  FS:0053  GS:002B
Flags:00010202

Application Timestamp: Tue Apr 09 23:14:56 2002
Doing stack walk

Call stack:
Address   Frame
0041214A  0019FBC4  0001:0001114A C:\ASL\Soft\GithubProjects\Bridge-Commander\stbc.exe

//=====================================================
Current Time: Sat Aug 17 03:21:42 2024
Exception code: C0000005 ACCESS_VIOLATION
//=====================================================
Current Time: Sun Aug 18 17:54:56 2024
Exception code: C0000005 ACCESS_VIOLATION
Fault address:  0041214A 01:0001114A C:\ASL\Soft\GithubProjects\Bridge-Commander\stbc.exe

Registers:
EAX:0019FB38
EBX:13FA4E20
ECX:00000000
EDX:00898984
ESI:13DEB4C4
EDI:00000000
CS:EIP:0023:0041214A
SS:ESP:002B:0019FAE8  EBP:14835E2C
DS:002B  ES:002B  FS:0053  GS:002B
Flags:00010202

Application Timestamp: Tue Apr 09 23:14:56 2002
Doing stack walk

Call stack:
Address   Frame
0041214A  0019FB20  0001:0001114A C:\ASL\Soft\GithubProjects\Bridge-Commander\stbc.exe

//=====================================================
Current Time: Mon Aug 19 02:04:23 2024
Exception code: C0000005 ACCESS_VIOLATION
//=====================================================
Current Time: Mon Aug 19 03:12:42 2024
Exception code: C0000005 ACCESS_VIOLATION
Fault address:  00411E72 01:00010E72 C:\ASL\Soft\GithubProjects\Bridge-Commander\stbc.exe

Registers:
EAX:0019FB40
EBX:143775B8
ECX:00000000
EDX:00898984
ESI:13CD4780
EDI:0019FB94
CS:EIP:0023:00411E72
SS:ESP:002B:0019FAF0  EBP:13CD4624
DS:002B  ES:002B  FS:0053  GS:002B
Flags:00010202

Application Timestamp: Tue Apr 09 23:14:56 2002
Doing stack walk

Call stack:
Address   Frame
00411E72  0019FB20  0001:00010E72 C:\ASL\Soft\GithubProjects\Bridge-Commander\stbc.exe

//=====================================================
Current Time: Mon Aug 19 12:04:54 2024
Exception code: C0000005 ACCESS_VIOLATION
Fault address:  0041214A 01:0001114A C:\ASL\Soft\GithubProjects\Bridge-Commander\stbc.exe

Registers:
EAX:0019FB38
EBX:13F01128
ECX:00000000
EDX:00898984
ESI:13DEEEA4
EDI:00000000
CS:EIP:0023:0041214A
SS:ESP:002B:0019FAE8  EBP:14578064
DS:002B  ES:002B  FS:0053  GS:002B
Flags:00010202

Application Timestamp: Tue Apr 09 23:14:56 2002
Doing stack walk

Call stack:
Address   Frame
0041214A  0019FB08  0001:0001114A C:\ASL\Soft\GithubProjects\Bridge-Commander\stbc.exe

